
> @ build D:\application\Tavern\settings\git\涓栫晫涔tavern_helper_template-main
> webpack --mode production

[36m[schema_dump][0m 宸插皢鎵€鏈?schema.ts 杞崲涓?schema.json
[36m[tavern_sync][0m 宸叉墦鍖呮墍鏈夐厤缃簡鐨勮鑹插崱/涓栫晫涔?棰勮
asset [1m[32mindex.js.map[39m[22m 86.7 KiB [1m[33m[compared for emit][39m[22m [1m[32m[dev][39m[22m (auxiliary name: main)
asset [1m[32mindex.html[39m[22m 19.7 KiB [1m[33m[compared for emit][39m[22m
asset [1m[32mmain.css.map[39m[22m 7.75 KiB [1m[33m[compared for emit][39m[22m [1m[32m[dev][39m[22m (auxiliary name: main)
Entrypoint [1mmain[39m[22m 0 bytes (94.5 KiB) = [1m[32mmain.css[39m[22m 0 bytes [1m[32mindex.js[39m[22m 0 bytes 2 auxiliary assets
orphan modules 322 KiB (javascript) 1.83 KiB (runtime) [1m[33m[orphan][39m[22m 28 modules
runtime modules 663 bytes 3 modules
built modules 69.3 KiB (javascript) 5.5 KiB (css/mini-extract) [1m[33m[built][39m[22m
  javascript modules 69.3 KiB
    [1m./src/淇粰鐘舵€佹爮/index.ts + 12 modules[39m[22m 66.2 KiB [1m[31m[not cacheable][39m[22m [1m[33m[built][39m[22m [1m[33m[code generated][39m[22m
    [1m./src/淇粰鐘舵€佹爮/example-data.ts[39m[22m 2.73 KiB [1m[33m[built][39m[22m [1m[33m[code generated][39m[22m
    [1m./node_modules/.pnpm/vue-loader@17.4.2_vue@3.5.3_a6097d3e73c29e260ce4955a1097e1e...(truncated)[39m[22m 328 bytes [1m[33m[built][39m[22m [1m[33m[code generated][39m[22m
  css modules 5.5 KiB
    css ./node_modules/.pnpm/css-loader@7.1.4_webpack@5.106.1/node_modules/css-loader/dist/cjs.js??clonedRuleSet-16.use[1]!./node_modules/.pnpm/postcss-loader@8.2.1_postcs_97c506d637aebda5165d628d092446f2/node_modules/postcss-loader/dist/cjs.js![1m./src/淇粰鐘舵€佹爮/global.css[39m[22m 672 bytes [1m[33m[built][39m[22m [1m[33m[code generated][39m[22m
    css ./node_modules/.pnpm/css-loader@7.1.4_webpack@5.106.1/node_modules/css-loader/dist/cjs.js??clonedRuleSet-15.use[1]!./node_modules/.pnpm/vue-loader@17.4.2_vue@3.5.3_a6097d3e73c29e260ce4955a1097e1e6/node_modules/vue-loader/dist/stylePostLoader.js!./node_modules/.pnpm/postcss-loader@8.2.1_postcs_97c506d637aebda5165d628d092446f2/node_modules/postcss-loader/dist/cjs.js!./node_modules/.pnpm/sass-loader@16.0.7_sass@1.99.0_webpack@5.106.1/node_modules/sass-loader/dist/cjs.js!./node_modules/.pnpm/vue-loader@17.4.2_vue@3.5.3_a6097d3e73c29e260ce4955a1097e1e6/node_modules/vue-loader/dist/index.js??ruleSet[1].rules[6].use[0]![1m./src/淇粰鐘舵€佹爮/App.vue?vue&type=style&index=0&id=60a148e5&lang=scss&scoped=true[39m[22m 4.84 KiB [1m[33m[built][39m[22m [1m[33m[code generated][39m[22m
webpack 5.106.1 compiled [1m[32msuccessfully[39m[22m in 2163 ms

asset [1m[32mindex.js[39m[22m 475 bytes [1m[33m[compared for emit][39m[22m [javascript module] [1m[32m[minimized][39m[22m (name: main) 1 related asset
[1m./绀轰緥/瑙掕壊鍗＄ず渚?鑴氭湰/绔嬪嵆浜嬩欢/index.ts[39m[22m 720 bytes [1m[33m[built][39m[22m [1m[33m[code generated][39m[22m
webpack 5.106.1 compiled [1m[32msuccessfully[39m[22m in 633 ms

asset [1m[32mindex.js[39m[22m 1.12 KiB [1m[33m[compared for emit][39m[22m [javascript module] [1m[32m[minimized][39m[22m (name: main) 1 related asset
orphan modules 1.58 KiB [1m[33m[orphan][39m[22m 3 modules
[1m./绀轰緥/瑙掕壊鍗＄ず渚?鑴氭湰/鍙橀噺缁撴瀯/index.ts + 3 modules[39m[22m 1.77 KiB [1m[31m[not cacheable][39m[22m [1m[33m[built][39m[22m [1m[33m[code generated][39m[22m
webpack 5.106.1 compiled [1m[32msuccessfully[39m[22m in 697 ms

asset [1m[32mindex.js[39m[22m 89 bytes [1m[33m[compared for emit][39m[22m [javascript module] [1m[32m[minimized][39m[22m (name: main)
orphan modules 42 bytes [1m[33m[orphan][39m[22m 1 module
[1m./绀轰緥/瑙掕壊鍗＄ず渚?鑴氭湰/MVU/index.ts + 1 modules[39m[22m 133 bytes [1m[31m[not cacheable][39m[22m [1m[33m[built][39m[22m [1m[33m[code generated][39m[22m
webpack 5.106.1 compiled [1m[32msuccessfully[39m[22m in 629 ms

asset [1m[32mindex.js.map[39m[22m 342 KiB [1m[33m[compared for emit][39m[22m [1m[32m[dev][39m[22m (auxiliary name: main)
asset [1m[32mindex.html[39m[22m 21.9 KiB [1m[33m[compared for emit][39m[22m
asset [1m[32mmain.css.map[39m[22m 9.06 KiB [1m[33m[compared for emit][39m[22m [1m[32m[dev][39m[22m (auxiliary name: main)
Entrypoint [1mmain[39m[22m 0 bytes (351 KiB) = [1m[32mmain.css[39m[22m 0 bytes [1m[32mindex.js[39m[22m 0 bytes 2 auxiliary assets
orphan modules 343 KiB (javascript) 6.41 KiB (runtime) [1m[33m[orphan][39m[22m 78 modules
runtime modules 663 bytes 3 modules
built modules 5.83 KiB (css/mini-extract) 314 KiB (javascript) [1m[33m[built][39m[22m
  css modules 5.83 KiB
    modules by path [1m./绀轰緥/瑙掕壊鍗＄ず渚?鐣岄潰/鐘舵€佹爮/components/*.vue[39m[22m 5.04 KiB
      css ./node_modules/.pnpm/css-loader@7.1.4_webpack@5.106.1/node_modules/css-loader/dist/cjs.js??clonedRuleSet-155.use[1]!./node_modules/.pnpm/vue-loader@17.4.2_vue@3.5.3_a6097d3e73c29e260ce4955a1097e1e6/node_modules/vue-loader/dist/stylePostLoader.js!./node_modules/.pnpm/postcss-loader@8.2.1_postcs_97c506d637aebda5165d628d092446f2/node_modules/postcss-loader/dist/cjs.js!./node_modules/.pnpm/sass-loader@16.0.7_sass@1.99.0_webpack@5.106.1/node_modules/sass-loader/dist/cjs.js!./node_modules/.pnpm/vue-loader@17.4.2_vue@3.5.3_a6097d3e73c29e260ce4955a1097e1e6/node_modules/vue-loader/dist/index.js??ruleSet[1].rules[6].use[0]![1m./绀轰緥/瑙掕壊鍗＄ず渚?鐣岄潰/鐘舵€佹爮/components/CharacterPanel.vue?vue&type=style&index=0&id=0da01a...(truncated)[39m[22m 1.19 KiB [1m[33m[built][39m[22m [1m[33m[code generated][39m[22m
      css ./node_modules/.pnpm/css-loader@7.1.4_webpack@5.106.1/node_modules/css-loader/dist/cjs.js??clonedRuleSet-155.use[1]!./node_modules/.pnpm/vue-loader@17.4.2_vue@3.5.3_a6097d3e73c29e260ce4955a1097e1e6/node_modules/vue-loader/dist/stylePostLoader.js!./node_modules/.pnpm/postcss-loader@8.2.1_postcs_97c506d637aebda5165d628d092446f2/node_modules/postcss-loader/dist/cjs.js!./node_modules/.pnpm/sass-loader@16.0.7_sass@1.99.0_webpack@5.106.1/node_modules/sass-loader/dist/cjs.js!./node_modules/.pnpm/vue-loader@17.4.2_vue@3.5.3_a6097d3e73c29e260ce4955a1097e1e6/node_modules/vue-loader/dist/index.js??ruleSet[1].rules[6].use[0]![1m./绀轰緥/瑙掕壊鍗＄ず渚?鐣岄潰/鐘舵€佹爮/components/DependencyBar.vue?vue&type=style&index=0&id=d656b56...(truncated)[39m[22m 1.24 KiB [1m[33m[built][39m[22m [1m[33m[code generated][39m[22m
      css ./node_modules/.pnpm/css-loader@7.1.4_webpack@5.106.1/node_modules/css-loader/dist/cjs.js??clonedRuleSet-155.use[1]!./node_modules/.pnpm/vue-loader@17.4.2_vue@3.5.3_a6097d3e73c29e260ce4955a1097e1e6/node_modules/vue-loader/dist/stylePostLoader.js!./node_modules/.pnpm/postcss-loader@8.2.1_postcs_97c506d637aebda5165d628d092446f2/node_modules/postcss-loader/dist/cjs.js!./node_modules/.pnpm/sass-loader@16.0.7_sass@1.99.0_webpack@5.106.1/node_modules/sass-loader/dist/cjs.js!./node_modules/.pnpm/vue-loader@17.4.2_vue@3.5.3_a6097d3e73c29e260ce4955a1097e1e6/node_modules/vue-loader/dist/index.js??ruleSet[1].rules[6].use[0]![1m./绀轰緥/瑙掕壊鍗＄ず渚?鐣岄潰/鐘舵€佹爮/components/InventoryPanel.vue?vue&type=style&index=0&id=4b9073...(truncated)[39m[22m 943 bytes [1m[33m[built][39m[22m [1m[33m[code generated][39m[22m
      css ./node_modules/.pnpm/css-loader@7.1.4_webpack@5.106.1/node_modules/css-loader/dist/cjs.js??clonedRuleSet-155.use[1]!./node_modules/.pnpm/vue-loader@17.4.2_vue@3.5.3_a6097d3e73c29e260ce4955a1097e1e6/node_modules/vue-loader/dist/stylePostLoader.js!./node_modules/.pnpm/postcss-loader@8.2.1_postcs_97c506d637aebda5165d628d092446f2/node_modules/postcss-loader/dist/cjs.js!./node_modules/.pnpm/sass-loader@16.0.7_sass@1.99.0_webpack@5.106.1/node_modules/sass-loader/dist/cjs.js!./node_modules/.pnpm/vue-loader@17.4.2_vue@3.5.3_a6097d3e73c29e260ce4955a1097e1e6/node_modules/vue-loader/dist/index.js??ruleSet[1].rules[6].use[0]![1m./绀轰緥/瑙掕壊鍗＄ず渚?鐣岄潰/鐘舵€佹爮/components/TabNav.vue?vue&type=style&index=0&id=9a65186e&lang=...(truncated)[39m[22m 685 bytes [1m[33m[built][39m[22m [1m[33m[code generated][39m[22m
      css ./node_modules/.pnpm/css-loader@7.1.4_webpack@5.106.1/node_modules/css-loader/dist/cjs.js??clonedRuleSet-155.use[1]!./node_modules/.pnpm/vue-loader@17.4.2_vue@3.5.3_a6097d3e73c29e260ce4955a1097e1e6/node_modules/vue-loader/dist/stylePostLoader.js!./node_modules/.pnpm/postcss-loader@8.2.1_postcs_97c506d637aebda5165d628d092446f2/node_modules/postcss-loader/dist/cjs.js!./node_modules/.pnpm/sass-loader@16.0.7_sass@1.99.0_webpack@5.106.1/node_modules/sass-loader/dist/cjs.js!./node_modules/.pnpm/vue-loader@17.4.2_vue@3.5.3_a6097d3e73c29e260ce4955a1097e1e6/node_modules/vue-loader/dist/index.js??ruleSet[1].rules[6].use[0]![1m./绀轰緥/瑙掕壊鍗＄ず渚?鐣岄潰/鐘舵€佹爮/components/WorldSection.vue?vue&type=style&index=0&id=682d2527...(truncated)[39m[22m 1.02 KiB [1m[33m[built][39m[22m [1m[33m[code generated][39m[22m
    css ./node_modules/.pnpm/css-loader@7.1.4_webpack@5.106.1/node_modules/css-loader/dist/cjs.js??clonedRuleSet-156.use[1]!./node_modules/.pnpm/postcss-loader@8.2.1_postcs_97c506d637aebda5165d628d092446f2/node_modules/postcss-loader/dist/cjs.js![1m./绀轰緥/瑙掕壊鍗＄ず渚?鐣岄潰/鐘舵€佹爮/global.css[39m[22m 214 bytes [1m[33m[built][39m[22m [1m[33m[code generated][39m[22m
    css ./node_modules/.pnpm/css-loader@7.1.4_webpack@5.106.1/node_modules/css-loader/dist/cjs.js??clonedRuleSet-155.use[1]!./node_modules/.pnpm/vue-loader@17.4.2_vue@3.5.3_a6097d3e73c29e260ce4955a1097e1e6/node_modules/vue-loader/dist/stylePostLoader.js!./node_modules/.pnpm/postcss-loader@8.2.1_postcs_97c506d637aebda5165d628d092446f2/node_modules/postcss-loader/dist/cjs.js!./node_modules/.pnpm/sass-loader@16.0.7_sass@1.99.0_webpack@5.106.1/node_modules/sass-loader/dist/cjs.js!./node_modules/.pnpm/vue-loader@17.4.2_vue@3.5.3_a6097d3e73c29e260ce4955a1097e1e6/node_modules/vue-loader/dist/index.js??ruleSet[1].rules[6].use[0]![1m./绀轰緥/瑙掕壊鍗＄ず渚?鐣岄潰/鐘舵€佹爮/App.vue?vue&type=style&index=0&id=433deeca&lang=sc...(truncated)[39m[22m 588 bytes [1m[33m[built][39m[22m [1m[33m[code generated][39m[22m
  javascript modules 314 KiB
    [1m./绀轰緥/瑙掕壊鍗＄ず渚?鐣岄潰/鐘舵€佹爮/index.ts + 28 modules[39m[22m 313 KiB [1m[31m[not cacheable][39m[22m [1m[33m[built][39m[22m [1m[33m[code generated][39m[22m
    [1m./node_modules/.pnpm/vue-loader@17.4.2_vue@3.5.3_a6097d3e73c29e260ce4955a1097e1e...(truncated)[39m[22m 328 bytes [1m[33m[built][39m[22m [1m[33m[code generated][39m[22m
webpack 5.106.1 compiled [1m[32msuccessfully[39m[22m in 2597 ms

asset [1m[32mindex.js[39m[22m 4.88 KiB [1m[33m[compared for emit][39m[22m [javascript module] [1m[32m[minimized][39m[22m (name: main) 1 related asset
orphan modules 9.93 KiB [1m[33m[orphan][39m[22m 14 modules
built modules 9.67 KiB [1m[33m[built][39m[22m
  [1m./绀轰緥/鑴氭湰绀轰緥/index.ts + 13 modules[39m[22m 9.05 KiB [1m[31m[not cacheable][39m[22m [1m[33m[built][39m[22m [1m[33m[code generated][39m[22m
  [1m./绀轰緥/鑴氭湰绀轰緥/鍔犺浇鍜屽嵏杞芥椂鎵ц鍑芥暟.ts[39m[22m 277 bytes [1m[33m[built][39m[22m [1m[33m[code generated][39m[22m
  [1m./绀轰緥/鑴氭湰绀轰緥/娣诲姞鎸夐挳鍜屾敞鍐屾寜閽簨浠?ts[39m[22m 193 bytes [1m[33m[built][39m[22m [1m[33m[code generated][39m[22m
  [1m./绀轰緥/鑴氭湰绀轰緥/鐩戝惉娑堟伅淇敼.ts[39m[22m 160 bytes [1m[33m[built][39m[22m [1m[33m[code generated][39m[22m
webpack 5.106.1 compiled [1m[32msuccessfully[39m[22m in 1357 ms

asset [1m[32mindex.js[39m[22m 33.3 KiB [1m[33m[compared for emit][39m[22m [javascript module] [1m[32m[minimized][39m[22m (name: main) 1 related asset
orphan modules 46.5 KiB [1m[33m[orphan][39m[22m 32 modules
runtime modules 937 bytes 4 modules
built modules 84.5 KiB [1m[33m[built][39m[22m
  modules by path [1m./绀轰緥/[39m[22m 74.7 KiB
    modules by path [1m./绀轰緥/娴佸紡妤煎眰鐣岄潰绀轰緥/[39m[22m 63.5 KiB 7 modules
    modules by path [1m./绀轰緥/鍓嶇鐣岄潰绀轰緥/*.vue[39m[22m 11.2 KiB
      ./node_modules/.pnpm/unplugin@2.3.11/node_modules/unplugin/dist/webpack/loaders/transform.js??unplugin-vue-components!./node_modules/.pnpm/unplugin@2.3.11/node_modules/unplugin/dist/webpack/loaders/transform.js??unplugin-auto-import!./node_modules/.pnpm/vue-style-loader@4.1.3/node_modules/vue-style-loader/index.js??clonedRuleSet-223.use[0]!./node_modules/.pnpm/css-loader@7.1.4_webpack@5.106.1/node_modules/css-loader/dist/cjs.js??clonedRuleSet-223.use[1]!./node_modules/.pnpm/vue-loader@17.4.2_vue@3.5.3_a6097d3e73c29e260ce4955a1097e1e6/node_modules/vue-loader/dist/stylePostLoader.js!./node_modules/.pnpm/postcss-loader@8.2.1_postcs_97c506d637aebda5165d628d092446f2/node_modules/postcss-loader/dist/cjs.js!./node_modules/.pnpm/sass-loader@16.0.7_sass@1.99.0_webpack@5.106.1/node_modules/sass-loader/dist/cjs.js!./node_modules/.pnpm/vue-loader@17.4.2_vue@3.5.3_a6097d3e73c29e260ce4955a1097e1e6/node_modules/vue-loader/dist/index.js??ruleSet[1].rules[6].use[0]![1m./绀轰緥/鍓嶇鐣岄潰绀轰緥/閫夋嫨妗?vue?vue&type=style&index=0&id=41337096&lang=scss&scoped=true[39m[22m 3.09 KiB [1m[33m[built][39m[22m [1m[33m[code generated][39m[22m
      ./node_modules/.pnpm/css-loader@7.1.4_webpack@5.106.1/node_modules/css-loader/dist/cjs.js??clonedRuleSet-223.use[1]!./node_modules/.pnpm/vue-loader@17.4.2_vue@3.5.3_a6097d3e73c29e260ce4955a1097e1e6/node_modules/vue-loader/dist/stylePostLoader.js!./node_modules/.pnpm/postcss-loader@8.2.1_postcs_97c506d637aebda5165d628d092446f2/node_modules/postcss-loader/dist/cjs.js!./node_modules/.pnpm/sass-loader@16.0.7_sass@1.99.0_webpack@5.106.1/node_modules/sass-loader/dist/cjs.js!./node_modules/.pnpm/vue-loader@17.4.2_vue@3.5.3_a6097d3e73c29e260ce4955a1097e1e6/node_modules/vue-loader/dist/index.js??ruleSet[1].rules[6].use[0]![1m./绀轰緥/鍓嶇鐣岄潰绀轰緥/閫夋嫨妗?vue?vue&type=style&index=0&id=41337096&lang=scss&scoped=true[39m[22m 8.13 KiB [1m[33m[built][39m[22m [1m[33m[code generated][39m[22m
  modules by path [1m./node_modules/.pnpm/[39m[22m 9.77 KiB
    modules by path [1m./node_modules/.pnpm/css-loader@7.1.4_webpack@5.106.1/node_modules/css-loader/di...(truncated)[39m[22m 2.74 KiB
      [1m./node_modules/.pnpm/css-loader@7.1.4_webpack@5.106.1/node_modules/css-loader/di...(truncated)[39m[22m 505 bytes [1m[33m[built][39m[22m [1m[33m[code generated][39m[22m
      [1m./node_modules/.pnpm/css-loader@7.1.4_webpack@5.106.1/node_modules/css-loader/di...(truncated)[39m[22m 2.25 KiB [1m[33m[built][39m[22m [1m[33m[code generated][39m[22m
    [1m./node_modules/.pnpm/vue-loader@17.4.2_vue@3.5.3_a6097d3e73c29e260ce4955a1097e1e...(truncated)[39m[22m 328 bytes [1m[33m[built][39m[22m [1m[33m[code generated][39m[22m
    [1m./node_modules/.pnpm/vue-style-loader@4.1.3/node_modules/vue-style-loader/lib/ad...(truncated)[39m[22m 6.71 KiB [1m[33m[built][39m[22m [1m[33m[code generated][39m[22m
webpack 5.106.1 compiled [1m[32msuccessfully[39m[22m in 2137 ms

asset [1m[32mindex.js.map[39m[22m 12.3 KiB [1m[33m[compared for emit][39m[22m [1m[32m[dev][39m[22m (auxiliary name: main)
asset [1m[32mindex.html[39m[22m 7.21 KiB [1m[33m[compared for emit][39m[22m
asset [1m[32mmain.css.map[39m[22m 6.51 KiB [1m[33m[compared for emit][39m[22m [1m[32m[dev][39m[22m (auxiliary name: main)
Entrypoint [1mmain[39m[22m 0 bytes (18.8 KiB) = [1m[32mmain.css[39m[22m 0 bytes [1m[32mindex.js[39m[22m 0 bytes 2 auxiliary assets
orphan modules 27.7 KiB (javascript) 1.83 KiB (runtime) [1m[33m[orphan][39m[22m 28 modules
built modules 10.6 KiB (javascript) 4.48 KiB (css/mini-extract) [1m[33m[built][39m[22m
  javascript modules 10.6 KiB
    [1m./绀轰緥/鍓嶇鐣岄潰绀轰緥/index.ts + 12 modules[39m[22m 9.95 KiB [1m[31m[not cacheable][39m[22m [1m[33m[built][39m[22m [1m[33m[code generated][39m[22m
    [1m./绀轰緥/鍓嶇鐣岄潰绀轰緥/鍔犺浇鍜屽嵏杞芥椂鎵ц鍑芥暟.ts[39m[22m 387 bytes [1m[33m[built][39m[22m [1m[33m[code generated][39m[22m
    [1m./node_modules/.pnpm/vue-loader@17.4.2_vue@3.5.3_a6097d3e73c29e260ce4955a1097e1e...(truncated)[39m[22m 328 bytes [1m[33m[built][39m[22m [1m[33m[code generated][39m[22m
  modules by path [1m./绀轰緥/鍓嶇鐣岄潰绀轰緥/*.vue[39m[22m 4.48 KiB
    css ./node_modules/.pnpm/css-loader@7.1.4_webpack@5.106.1/node_modules/css-loader/dist/cjs.js??clonedRuleSet-259.use[1]!./node_modules/.pnpm/vue-loader@17.4.2_vue@3.5.3_a6097d3e73c29e260ce4955a1097e1e6/node_modules/vue-loader/dist/stylePostLoader.js!./node_modules/.pnpm/postcss-loader@8.2.1_postcs_97c506d637aebda5165d628d092446f2/node_modules/postcss-loader/dist/cjs.js!./node_modules/.pnpm/sass-loader@16.0.7_sass@1.99.0_webpack@5.106.1/node_modules/sass-loader/dist/cjs.js!./node_modules/.pnpm/vue-loader@17.4.2_vue@3.5.3_a6097d3e73c29e260ce4955a1097e1e6/node_modules/vue-loader/dist/index.js??ruleSet[1].rules[6].use[0]![1m./绀轰緥/鍓嶇鐣岄潰绀轰緥/鏃ヨ.vue?vue&type=style&index=0&id=2f0970f0&lang=scss&scoped=true[39m[22m 1.52 KiB [1m[33m[built][39m[22m [1m[33m[code generated][39m[22m
    css ./node_modules/.pnpm/css-loader@7.1.4_webpack@5.106.1/node_modules/css-loader/dist/cjs.js??clonedRuleSet-259.use[1]!./node_modules/.pnpm/vue-loader@17.4.2_vue@3.5.3_a6097d3e73c29e260ce4955a1097e1e6/node_modules/vue-loader/dist/stylePostLoader.js!./node_modules/.pnpm/postcss-loader@8.2.1_postcs_97c506d637aebda5165d628d092446f2/node_modules/postcss-loader/dist/cjs.js!./node_modules/.pnpm/sass-loader@16.0.7_sass@1.99.0_webpack@5.106.1/node_modules/sass-loader/dist/cjs.js!./node_modules/.pnpm/vue-loader@17.4.2_vue@3.5.3_a6097d3e73c29e260ce4955a1097e1e6/node_modules/vue-loader/dist/index.js??ruleSet[1].rules[6].use[0]![1m./绀轰緥/鍓嶇鐣岄潰绀轰緥/閫夋嫨妗?vue?vue&type=style&index=0&id=41337096&lang=scss&scoped=true[39m[22m 2.96 KiB [1m[33m[built][39m[22m [1m[33m[code generated][39m[22m
webpack 5.106.1 compiled [1m[32msuccessfully[39m[22m in 1903 ms
